ERROR: invalid message format: 2025-02-23T18:13:23-05:00: message failed to validate against schema:
- (root): source_id is required

ERROR: invalid message format: 2025-02-23T18:13:24-05:00: message failed to validate against schema:
- (root): level is required
- (root): user_id is required
- (root): details is required

ERROR: invalid message format: 2025-02-23T18:13:24-05:00: message failed to validate against schema:
- level: Must be less than or equal to 16

ERROR: invalid message format: 2025-02-23T18:13:25-05:00: message failed to validate against schema:
- (root): host is required

ERROR: invalid message format: 2025-02-23T18:13:26-05:00: message failed to validate against schema:
- (root): level is required
- (root): user_id is required

